C51 COMPILER V9.52.0.0   DELAYTIME10US                                                     10/23/2022 17:30:49 PAGE 1   


C51 COMPILER V9.52.0.0, COMPILATION OF MODULE DELAYTIME10US
OBJECT MODULE PLACED IN .\Objects\delaytime10us.obj
COMPILER INVOKED BY: D:\Keil_vn\C51\BIN\C51.EXE E:\Download\5¡¢»ùÓÚ51µ¥Æ¬»ú¡ª¡ª²½½øµç»ú¿ØÖÆÊµÑé\5¡¢»ùÓÚ51µ¥Æ¬»ú¡ª¡ª²½½øµ
                    -ç»ú¿ØÖÆÊµÑé\delaytime10us.c BROWSE DEBUG OBJECTEXTEND PRINT(.\Listings\delaytime10us.lst) TABS(2) OBJECT(.\Objects\delay
                    -time10us.obj)

line level    source

   1          
   2          
   3          void Delay10us()    //@11.0592MHz
   4          {
   5   1        unsigned char i;
   6   1      
   7   1        i = 2;
   8   1        while (--i);
   9   1      }
  10          
  11          void delay(unsigned int  time)//ÑÓÊ±time*10 us
  12          {
  13   1        while(time--)
  14   1        {Delay10us();}
  15   1      }


MODULE INFORMATION:   STATIC OVERLAYABLE
   CODE SIZE        =     25    ----
   CONSTANT SIZE    =   ----    ----
   XDATA SIZE       =   ----    ----
   PDATA SIZE       =   ----    ----
   DATA SIZE        =   ----    ----
   IDATA SIZE       =   ----    ----
   BIT SIZE         =   ----    ----
END OF MODULE INFORMATION.


C51 COMPILATION COMPLETE.  0 WARNING(S),  0 ERROR(S)
