C51 COMPILER V9.52.0.0   MAIN                                                              11/19/2022 16:38:23 PAGE 1   


C51 COMPILER V9.52.0.0, COMPILATION OF MODULE MAIN
OBJECT MODULE PLACED IN .\Objects\main.obj
COMPILER INVOKED BY: D:\Keil_vn\C51\BIN\C51.EXE main.c BROWSE DEBUG OBJECTEXTEND PRINT(.\Listings\main.lst) TABS(2) OBJE
                    -CT(.\Objects\main.obj)

line level    source

   1          #include <REGX52.H>
   2          #include "Delay.h"
   3          #include "LCD1602.h"
   4          #include "Timer0.h"
   5          #include "Timer1.h"
   6          #include "delaytime10us.h"
   7          #include "MotorRun.h"
   8          #include "OneWire.h"
   9          #include "DS18B20.h"
  10          #include <intrins.h>
  11          //HC-SR04超声波模块引脚
  12          sbit TRIG=P1^6;
  13          sbit ECHO=P1^7;
  14          //KEY1、KEY2按键控制引脚
  15          sbit KEY1=P3^1;
  16          sbit KEY2=P3^0;
  17          //LCD1602显示屏数据引脚
  18          sbit LCD_E=P2^7;
  19          sbit LCD_RW=P2^5;
  20          sbit LCD_RS=P2^6;
  21          //按键输出控制ULN2003驱动板引脚
  22          sbit RE1=P2^0;
  23          sbit RE2=P2^1;
  24          //显示字符存储
  25          unsigned char code word3[]="0123456789";
  26          unsigned int Now;
  27          unsigned int High_Time;
  28          
  29          /********函数总集*********/
  30          void KEY1_Scan();
  31          void KEY2_Scan();
  32          void LCD_WriteCommand(unsigned char Command);
  33          void LCD_WriteData(unsigned char Data);
  34          void LCD_Init();
  35          void LCD_SetCursor(unsigned char Line,unsigned char Column);
  36          void Timer0_Init();
  37          void Timer1_Init();
  38          void delayms(unsigned char t);
  39          void scan_key();
  40          unsigned int WAVE();
  41          void Timer_delay(unsigned int BS);
  42          void jidianqiInit();
  43          float T,H,S; //实时温度T、实时水位高度H、超声波测量高度S
  44          float D=80; //设置鱼缸高度D,单位cm，实时水位高度H=鱼缸高度D-超声波测量高度S
  45          
  46          /************************主函数************************/
  47          void main()
  48          {
  49   1        jidianqiInit();
  50   1        Timer0Init();
  51   1        Timer1Init();
  52   1        DS18B20_ConvertT();   //上电先转换一次温度，防止第一次读数据错误
  53   1        Delay(100);     //等待转换完成
  54   1        LCD_Init();
C51 COMPILER V9.52.0.0   MAIN                                                              11/19/2022 16:38:23 PAGE 2   

  55   1        LCD_ShowString(1,1,"Temp:");
  56   1        LCD_ShowString(1,15,"C");
  57   1        LCD_ShowString(2,1,"High:");
  58   1        LCD_ShowString(2,15,"cm");
  59   1        while(1)
  60   1        {
  61   2          DS18B20_ConvertT(); //转换温度
  62   2          T=DS18B20_ReadT();  //读取温度
  63   2          if(T<0)       //如果温度小于0
  64   2          {
  65   3            LCD_ShowChar(1,7,'-');  //显示负号
  66   3            T=-T;     //将温度变为正数
  67   3          }
  68   2          else        //如果温度大于等于0
  69   2          {
  70   3            LCD_ShowChar(1,7,'+');  //显示正号
  71   3          }
  72   2          LCD_ShowNum(1,8,T,2);   //显示温度整数部分
  73   2          LCD_ShowChar(1,10,'.');   //显示小数点
  74   2          LCD_ShowNum(1,11,(unsigned long)(T*10000)%10000,3);//显示温度小数部分
  75   2          KEY1_Scan();
  76   2          KEY2_Scan();
  77   2          scan_key();
  78   2          
  79   2          High_Time=WAVE();//超声波
  80   2          Now=(int)(High_Time*0.0175);
  81   2          S=Now;
  82   2          LCD_ShowNum(2,7,D-S,3); //显示高度整数部分
  83   2          LCD_ShowChar(2,10,'.');   //显示小数点
  84   2          LCD_ShowNum(2,11,(unsigned long)((D-S)*10000)%10000,3);//显示高度小数部分
  85   2      
  86   2        }
  87   1      }
  88          
  89          void Timer_delay(unsigned int BS)//T1延时±0.5ms
  90          {
  91   1        unsigned int k;
  92   1        for(k=0;k<BS;k++)
  93   1        {
  94   2          TH1=(65536-100)/256;
  95   2          TL1=(65536-100)%256;
  96   2          while(TF1==0);
  97   2          TF1=0;
  98   2        }
  99   1      }
 100          
 101          /*超声波计算时间*/
 102          unsigned int WAVE()
 103          {
 104   1          unsigned int result;
 105   1          unsigned char p;
 106   1          TRIG=0;
 107   1          _nop_();//1微秒
 108   1          TRIG=1;
 109   1          for(p=0;p<10;p++);//大于10us
 110   1          TRIG=0;
 111   1          while(ECHO==0);//等高电平来
 112   1          Timer0_Init();//开始计时记高电平时间即超声波发射--返回时间
 113   1          while(ECHO)
 114   1          {
 115   2             if((TH0>0x8c)|| (TH0==0x8c&&TL0>0xa0))break;
 116   2          }
C51 COMPILER V9.52.0.0   MAIN                                                              11/19/2022 16:38:23 PAGE 3   

 117   1          TR0=0;
 118   1          //18us=18000ms=4650H  ;100us--18ms有效   超过36ms无效 36ms=8cA0
 119   1           if((TH0<0x46)|| (TH0==0x46&&TL0<=0x50))
 120   1           {
 121   2             result=(TH0<<8)+TL0;
 122   2             return result;
 123   2           }
 124   1          else return 0;
 125   1      }
 126          
 127          /*定时器初始化*///T1延时，T0中断
 128          void Timer0_Init()
 129          {
 130   1        TMOD=0x11;
 131   1        TH0=0;
 132   1        TL0=0;
 133   1        TR0=1;
 134   1        TR1=1;
 135   1      }
 136          
 137          /*按键扫描*/
 138          void scan_key()
 139          {
 140   1        P1=0xf0;
 141   1        if(P1!=0xff)delayms(10);
 142   1      }
 143          
 144          void delayms(unsigned char t)
 145          {
 146   1        unsigned i,j;
 147   1        for(i=0;i<t;i++)
 148   1           for(j=0;j<120;j++);
 149   1      }
 150          
 151          /***********继电器初始化******************/
 152          /**
 153            * @brief  加水和抽水的初始化
 154            * @param  无
 155            * @retval 无
 156            */
 157          
 158          void jidianqiInit ()
 159          {
 160   1        RE1=0;
 161   1        RE2=0;
 162   1      }
 163          
 164          /***********按键一控制换水***************/
 165          /**
 166            * @brief  按键一按下控制直流电机同时进行加水和抽水
 167            * @param  无
 168            * @retval 无
 169            */
 170          
 171          void KEY1_Scan()
 172          {
 173   1        if(KEY1 == 0)
 174   1        {
 175   2          Delay(200);
 176   2          while(KEY1 == 0);
 177   2          Delay(200);
 178   2          RE1=~RE1;
C51 COMPILER V9.52.0.0   MAIN                                                              11/19/2022 16:38:23 PAGE 4   

 179   2          RE2=~RE2; 
 180   2        }
 181   1      }
 182          
 183          /***********按键二控制喂食***************/
 184          /**
 185            * @brief  按键二按下控制步进电机先顺时针半圈再逆时针半圈
 186            * @param  无
 187            * @retval 无
 188            */
 189          
 190          void KEY2_Scan()
 191          {
 192   1        if(KEY2 == 0)
 193   1        {
 194   2          Delay(200);
 195   2          if(KEY2 == 0)
 196   2          {
 197   3            Delay(200);
 198   3            MotorRun(4389/2,1,100);//nangle=4096为一圈； drct=0为逆时针转动，drct=1为顺时针转动；
             - speed转速75`400；
 199   3            MotorRun(4389/2,0,100);//nangle=4096为一圈； drct=0为逆时针转动，drct=1为顺时针转动；
             - speed转速75`400；
 200   3          }
 201   2        }
 202   1      }


MODULE INFORMATION:   STATIC OVERLAYABLE
   CODE SIZE        =    632    ----
   CONSTANT SIZE    =     28    ----
   XDATA SIZE       =   ----    ----
   PDATA SIZE       =   ----    ----
   DATA SIZE        =     20    ----
   IDATA SIZE       =   ----    ----
   BIT SIZE         =   ----    ----
END OF MODULE INFORMATION.


C51 COMPILATION COMPLETE.  0 WARNING(S),  0 ERROR(S)
