C51 COMPILER V9.52.0.0   ONEWIRE                                                           11/06/2022 12:43:03 PAGE 1   


C51 COMPILER V9.52.0.0, COMPILATION OF MODULE ONEWIRE
OBJECT MODULE PLACED IN .\Objects\OneWire.obj
COMPILER INVOKED BY: D:\Keil_vn\C51\BIN\C51.EXE OneWire.c BROWSE DEBUG OBJECTEXTEND PRINT(.\Listings\OneWire.lst) TABS(2
                    -) OBJECT(.\Objects\OneWire.obj)

line level    source

   1          #include <REGX52.H>
   2          
   3          //引脚定义
   4          sbit OneWire_DQ=P3^7;
   5          
   6          /**
   7            * @brief  单总线初始化
   8            * @param  无
   9            * @retval 从机响应位，0为响应，1为未响应
  10            */
  11            
  12          unsigned char OneWire_Init(void)
  13          {
  14   1        unsigned char i;
  15   1        unsigned char AckBit;
  16   1        OneWire_DQ=1;
  17   1        OneWire_DQ=0;
  18   1        i = 247;while (--i);    //Delay 500us
  19   1        OneWire_DQ=1;
  20   1        i = 32;while (--i);     //Delay 70us
  21   1        AckBit=OneWire_DQ;
  22   1        i = 247;while (--i);    //Delay 500us
  23   1        return AckBit;
  24   1      }
  25          
  26          /**
  27            * @brief  单总线发送一位
  28            * @param  Bit 要发送的位
  29            * @retval 无
  30            */
  31          
  32          void OneWire_SendBit(unsigned char Bit)
  33          {
  34   1        unsigned char i;
  35   1        OneWire_DQ=0;
  36   1        i = 4;while (--i);      //Delay 10us
  37   1        OneWire_DQ=Bit;
  38   1        i = 24;while (--i);     //Delay 50us
  39   1        OneWire_DQ=1;
  40   1      }
  41          
  42          /**
  43            * @brief  单总线接收一位
  44            * @param  无
  45            * @retval 读取的位
  46            */
  47          
  48          unsigned char OneWire_ReceiveBit(void)
  49          {
  50   1        unsigned char i;
  51   1        unsigned char Bit;
  52   1        OneWire_DQ=0;
  53   1        i = 2;while (--i);      //Delay 5us
  54   1        OneWire_DQ=1;
C51 COMPILER V9.52.0.0   ONEWIRE                                                           11/06/2022 12:43:03 PAGE 2   

  55   1        i = 2;while (--i);      //Delay 5us
  56   1        Bit=OneWire_DQ;
  57   1        i = 24;while (--i);     //Delay 50us
  58   1        return Bit;
  59   1      }
  60          
  61          /**
  62            * @brief  单总线发送一个字节
  63            * @param  Byte 要发送的字节
  64            * @retval 无
  65            */
  66          
  67          void OneWire_SendByte(unsigned char Byte)
  68          {
  69   1        unsigned char i;
  70   1        for(i=0;i<8;i++)
  71   1        {
  72   2          OneWire_SendBit(Byte&(0x01<<i));
  73   2        }
  74   1      }
  75          
  76          /**
  77            * @brief  单总线接收一个字节
  78            * @param  无
  79            * @retval 接收的一个字节
  80            */
  81          
  82          unsigned char OneWire_ReceiveByte(void)
  83          {
  84   1        unsigned char i;
  85   1        unsigned char Byte=0x00;
  86   1        for(i=0;i<8;i++)
  87   1        {
  88   2          if(OneWire_ReceiveBit()){Byte|=(0x01<<i);}
  89   2        }
  90   1        return Byte;
  91   1      }


MODULE INFORMATION:   STATIC OVERLAYABLE
   CODE SIZE        =    122    ----
   CONSTANT SIZE    =   ----    ----
   XDATA SIZE       =   ----    ----
   PDATA SIZE       =   ----    ----
   DATA SIZE        =   ----    ----
   IDATA SIZE       =   ----    ----
   BIT SIZE         =   ----    ----
END OF MODULE INFORMATION.


C51 COMPILATION COMPLETE.  0 WARNING(S),  0 ERROR(S)
