C51 COMPILER V9.52.0.0   ONEWIRE                                                           10/29/2022 15:54:04 PAGE 1   


C51 COMPILER V9.52.0.0, COMPILATION OF MODULE ONEWIRE
OBJECT MODULE PLACED IN .\Objects\OneWire.obj
COMPILER INVOKED BY: D:\Keil_vn\C51\BIN\C51.EXE OneWire.c BROWSE DEBUG OBJECTEXTEND PRINT(.\Listings\OneWire.lst) TABS(2
                    -) OBJECT(.\Objects\OneWire.obj)

line level    source

   1          #include <REGX52.H>
   2          
   3          //引脚定义
   4          sbit OneWire_DQ=P3^7;
   5          
   6          /**
   7            * @brief  单总线初始化
   8            * @param  无
   9            * @retval 从机响应位，0为响应，1为未响应
  10            */
  11          unsigned char OneWire_Init(void)
  12          {
  13   1        unsigned char i;
  14   1        unsigned char AckBit;
  15   1        OneWire_DQ=1;
  16   1        OneWire_DQ=0;
  17   1        i = 247;while (--i);    //Delay 500us
  18   1        OneWire_DQ=1;
  19   1        i = 32;while (--i);     //Delay 70us
  20   1        AckBit=OneWire_DQ;
  21   1        i = 247;while (--i);    //Delay 500us
  22   1        return AckBit;
  23   1      }
  24          
  25          /**
  26            * @brief  单总线发送一位
  27            * @param  Bit 要发送的位
  28            * @retval 无
  29            */
  30          void OneWire_SendBit(unsigned char Bit)
  31          {
  32   1        unsigned char i;
  33   1        OneWire_DQ=0;
  34   1        i = 4;while (--i);      //Delay 10us
  35   1        OneWire_DQ=Bit;
  36   1        i = 24;while (--i);     //Delay 50us
  37   1        OneWire_DQ=1;
  38   1      }
  39          
  40          /**
  41            * @brief  单总线接收一位
  42            * @param  无
  43            * @retval 读取的位
  44            */
  45          unsigned char OneWire_ReceiveBit(void)
  46          {
  47   1        unsigned char i;
  48   1        unsigned char Bit;
  49   1        OneWire_DQ=0;
  50   1        i = 2;while (--i);      //Delay 5us
  51   1        OneWire_DQ=1;
  52   1        i = 2;while (--i);      //Delay 5us
  53   1        Bit=OneWire_DQ;
  54   1        i = 24;while (--i);     //Delay 50us
C51 COMPILER V9.52.0.0   ONEWIRE                                                           10/29/2022 15:54:04 PAGE 2   

  55   1        return Bit;
  56   1      }
  57          
  58          /**
  59            * @brief  单总线发送一个字节
  60            * @param  Byte 要发送的字节
  61            * @retval 无
  62            */
  63          void OneWire_SendByte(unsigned char Byte)
  64          {
  65   1        unsigned char i;
  66   1        for(i=0;i<8;i++)
  67   1        {
  68   2          OneWire_SendBit(Byte&(0x01<<i));
  69   2        }
  70   1      }
  71          
  72          /**
  73            * @brief  单总线接收一个字节
  74            * @param  无
  75            * @retval 接收的一个字节
  76            */
  77          unsigned char OneWire_ReceiveByte(void)
  78          {
  79   1        unsigned char i;
  80   1        unsigned char Byte=0x00;
  81   1        for(i=0;i<8;i++)
  82   1        {
  83   2          if(OneWire_ReceiveBit()){Byte|=(0x01<<i);}
  84   2        }
  85   1        return Byte;
  86   1      }


MODULE INFORMATION:   STATIC OVERLAYABLE
   CODE SIZE        =    122    ----
   CONSTANT SIZE    =   ----    ----
   XDATA SIZE       =   ----    ----
   PDATA SIZE       =   ----    ----
   DATA SIZE        =   ----    ----
   IDATA SIZE       =   ----    ----
   BIT SIZE         =   ----    ----
END OF MODULE INFORMATION.


C51 COMPILATION COMPLETE.  0 WARNING(S),  0 ERROR(S)
